2026-05-08 21:23:27 | ERROR    | scripts.system_check |   [MISSING] stable_baselines3 — run: pip install -e .
2026-05-08 21:23:27 | ERROR    | scripts.system_check |   [MISSING] arch — run: pip install -e .
2026-05-08 21:23:27 | ERROR    | scripts.system_check |   [MISSING] httpx — run: pip install -e .
2026-05-08 21:23:28 | ERROR    | scripts.system_check |   [FAIL] ALPACA_API_SECRET is not set.
2026-05-08 21:23:29 | ERROR    | scripts.system_check |   [FAIL] ALPACA API error: A corresponding secret_key must be supplied with the api_key
2026-05-08 21:23:29 | ERROR    | scripts.system_check | 3 CHECK(S) FAILED — fix the above issues before running the bot
2026-05-08 21:24:35 | ERROR    | scripts.system_check |   [FAIL] ALPACA_API_SECRET is not set.
2026-05-08 21:24:35 | ERROR    | scripts.system_check |   [FAIL] ALPACA API error: A corresponding secret_key must be supplied with the api_key
2026-05-08 21:24:35 | ERROR    | scripts.system_check | 2 CHECK(S) FAILED — fix the above issues before running the bot
2026-05-08 21:25:36 | ERROR    | scripts.system_check |   [FAIL] ALPACA_API_SECRET is not set.
2026-05-08 21:25:36 | ERROR    | scripts.system_check |   [FAIL] ALPACA API error: A corresponding secret_key must be supplied with the api_key
2026-05-08 21:25:36 | ERROR    | scripts.system_check | 2 CHECK(S) FAILED — fix the above issues before running the bot
2026-05-08 21:25:48 | ERROR    | scripts.system_check |   [FAIL] ALPACA API error: cannot import name 'LatestCryptoBarRequest' from 'alpaca.data.requests' (/home/dash/options-spread/.venv/lib/python3.12/site-packages/alpaca/data/requests.py)
2026-05-08 21:25:48 | ERROR    | scripts.system_check | 1 CHECK(S) FAILED — fix the above issues before running the bot
2026-05-08 21:25:56 | ERROR    | scripts.system_check |   [FAIL] ALPACA API error: cannot import name 'LatestCryptoBarRequest' from 'alpaca.data.requests' (/home/dash/options-spread/.venv/lib/python3.12/site-packages/alpaca/data/requests.py)
2026-05-08 21:25:56 | ERROR    | scripts.system_check | 1 CHECK(S) FAILED — fix the above issues before running the bot
2026-05-08 21:37:37 | ERROR    | scripts.risk_monitor | Risk monitor error: APIError(code=-2014): API-key format invalid.
2026-05-08 21:38:44 | ERROR    | scripts.risk_monitor | Risk monitor error: APIError(code=-2014): API-key format invalid.
2026-05-08 21:39:52 | ERROR    | scripts.risk_monitor | Risk monitor error: APIError(code=-2014): API-key format invalid.
2026-05-08 21:40:59 | ERROR    | scripts.risk_monitor | Risk monitor error: APIError(code=-2014): API-key format invalid.
2026-05-08 21:42:07 | ERROR    | scripts.risk_monitor | Risk monitor error: APIError(code=-2014): API-key format invalid.
2026-05-08 21:43:14 | ERROR    | scripts.risk_monitor | Risk monitor error: APIError(code=-2014): API-key format invalid.
2026-05-08 21:43:52 | ERROR    | asyncio | Task exception was never retrieved
future: <Task finished name='Task-21' coro=<_shutdown() done, defined at /home/dash/options-spread/scripts/run_bot.py:35> exception=SystemExit(0)>
Traceback (most recent call last):
  File "/home/dash/options-spread/scripts/run_bot.py", line 48, in main
    asyncio.run(_main())
  File "/usr/lib/python3.12/asyncio/runners.py", line 194, in run
    return runner.run(main)
           ^^^^^^^^^^^^^^^^
  File "/usr/lib/python3.12/asyncio/runners.py", line 118, in run
    return self._loop.run_until_complete(task)
           ^^^^^^^^^^^^^^^^^^^^^^^^^^^^^^^^^^^
  File "/usr/lib/python3.12/asyncio/base_events.py", line 674, in run_until_complete
    self.run_forever()
  File "/usr/lib/python3.12/asyncio/base_events.py", line 641, in run_forever
    self._run_once()
  File "/usr/lib/python3.12/asyncio/base_events.py", line 1987, in _run_once
    handle._run()
  File "/usr/lib/python3.12/asyncio/events.py", line 88, in _run
    self._context.run(self._callback, *self._args)
  File "/home/dash/options-spread/scripts/run_bot.py", line 42, in _shutdown
    sys.exit(0)
SystemExit: 0
2026-05-08 21:44:00 | ERROR    | asyncio | Task exception was never retrieved
future: <Task finished name='Task-6' coro=<_shutdown() done, defined at /home/dash/options-spread/scripts/run_bot.py:35> exception=SystemExit(0)>
Traceback (most recent call last):
  File "/home/dash/options-spread/scripts/run_bot.py", line 48, in main
    asyncio.run(_main())
  File "/usr/lib/python3.12/asyncio/runners.py", line 194, in run
    return runner.run(main)
           ^^^^^^^^^^^^^^^^
  File "/usr/lib/python3.12/asyncio/runners.py", line 118, in run
    return self._loop.run_until_complete(task)
           ^^^^^^^^^^^^^^^^^^^^^^^^^^^^^^^^^^^
  File "/usr/lib/python3.12/asyncio/base_events.py", line 674, in run_until_complete
    self.run_forever()
  File "/usr/lib/python3.12/asyncio/base_events.py", line 641, in run_forever
    self._run_once()
  File "/usr/lib/python3.12/asyncio/base_events.py", line 1987, in _run_once
    handle._run()
  File "/usr/lib/python3.12/asyncio/events.py", line 88, in _run
    self._context.run(self._callback, *self._args)
  File "/home/dash/options-spread/scripts/run_bot.py", line 42, in _shutdown
    sys.exit(0)
SystemExit: 0
2026-05-08 21:45:50 | ERROR    | asyncio | Task exception was never retrieved
future: <Task finished name='Task-17' coro=<_shutdown() done, defined at /home/dash/options-spread/scripts/run_bot.py:35> exception=SystemExit(0)>
Traceback (most recent call last):
  File "/home/dash/options-spread/scripts/run_bot.py", line 48, in main
    asyncio.run(_main())
  File "/usr/lib/python3.12/asyncio/runners.py", line 194, in run
    return runner.run(main)
           ^^^^^^^^^^^^^^^^
  File "/usr/lib/python3.12/asyncio/runners.py", line 118, in run
    return self._loop.run_until_complete(task)
           ^^^^^^^^^^^^^^^^^^^^^^^^^^^^^^^^^^^
  File "/usr/lib/python3.12/asyncio/base_events.py", line 674, in run_until_complete
    self.run_forever()
  File "/usr/lib/python3.12/asyncio/base_events.py", line 641, in run_forever
    self._run_once()
  File "/usr/lib/python3.12/asyncio/base_events.py", line 1987, in _run_once
    handle._run()
  File "/usr/lib/python3.12/asyncio/events.py", line 88, in _run
    self._context.run(self._callback, *self._args)
  File "/home/dash/options-spread/scripts/run_bot.py", line 42, in _shutdown
    sys.exit(0)
SystemExit: 0
2026-05-08 21:47:30 | ERROR    | asyncio | Task exception was never retrieved
future: <Task finished name='Task-16' coro=<_shutdown() done, defined at /home/dash/options-spread/scripts/run_bot.py:35> exception=SystemExit(0)>
Traceback (most recent call last):
  File "/home/dash/options-spread/scripts/run_bot.py", line 48, in main
    asyncio.run(_main())
  File "/usr/lib/python3.12/asyncio/runners.py", line 194, in run
    return runner.run(main)
           ^^^^^^^^^^^^^^^^
  File "/usr/lib/python3.12/asyncio/runners.py", line 118, in run
    return self._loop.run_until_complete(task)
           ^^^^^^^^^^^^^^^^^^^^^^^^^^^^^^^^^^^
  File "/usr/lib/python3.12/asyncio/base_events.py", line 674, in run_until_complete
    self.run_forever()
  File "/usr/lib/python3.12/asyncio/base_events.py", line 641, in run_forever
    self._run_once()
  File "/usr/lib/python3.12/asyncio/base_events.py", line 1987, in _run_once
    handle._run()
  File "/usr/lib/python3.12/asyncio/events.py", line 88, in _run
    self._context.run(self._callback, *self._args)
  File "/home/dash/options-spread/scripts/run_bot.py", line 42, in _shutdown
    sys.exit(0)
SystemExit: 0
